1657.00
1668.00
